// Jest Snapshot v1, https://goo.gl/fbAQLP

exports[`<Profile /> renders correctly 1`] = `
<View
  style={
    Object {
      "alignItems": "center",
      "backgroundColor": "#fff",
      "flex": 1,
      "justifyContent": "center",
    }
  }
>
  <Text
    style={
      Object {
        "fontSize": 25,
      }
    }
  >
    Welcome:
  </Text>
  <Image
    source={
      Object {
        "uri": undefined,
      }
    }
    style={
      Object {
        "borderColor": "rgba(0,0,0,0.2)",
        "borderRadius": 150,
        "borderWidth": 3,
        "height": 150,
        "marginTop": 15,
        "width": 150,
      }
    }
  />
  <View
    style={
      Object {
        "alignItems": "center",
        "backgroundColor": "#fff",
        "flex": 1,
        "justifyContent": "center",
      }
    }
  >
    <Image
      source={1}
      style={
        Object {
          "height": 200,
          "width": 200,
        }
      }
    />
    <Text>
      Frolic
    </Text>
    <View
      style={
        Object {
          "height": 50,
          "width": 150,
        }
      }
    >
      <RCTPicker
        items={Array []}
        onChange={[Function]}
        onResponderTerminationRequest={[Function]}
        onStartShouldSetResponder={[Function]}
        selectedIndex={0}
        style={
          Array [
            Object {
              "height": 216,
            },
            undefined,
          ]
        }
      />
    </View>
  </View>
</View>
`;
